2025-05-15 03:14:49,522 | reddit_video | INFO | Analyse des arguments de la ligne de commande
2025-05-15 03:14:49,524 | reddit_video | INFO | Dossier de sortie: /Users/ntardy/Dev/r-elFusion/output
2025-05-15 03:14:49,524 | reddit_video | INFO | Initialisation du client OpenAI
2025-05-15 03:14:49,567 | reddit_video | INFO | Connexion à l'API Reddit
2025-05-15 03:14:49,939 | reddit_video | INFO | Recherche de posts dans r/creepypasta
2025-05-15 03:14:53,824 | reddit_video | INFO | Post trouvé: 1kkxpxq (1363 caractères)
2025-05-15 03:14:53,824 | reddit_video | INFO | Nettoyage du texte récupéré
2025-05-15 03:14:54,631 | reddit_video | INFO | Traduction du texte avec le modèle gpt-3.5-turbo
2025-05-15 03:14:58,937 | reddit_video | INFO | Traduction effectuée: 1519 caractères
2025-05-15 03:14:58,938 | reddit_video | INFO | Découpage du texte en segments de 200 mots
2025-05-15 03:14:58,984 | reddit_video | INFO | 2 segments créés
2025-05-15 03:14:58,984 | reddit_video | INFO | Segment 1/2 (199 mots): Je ne commente pas habituellement sur des endroits comme celui-ci. Je suis un observateur. Je l'ai toujours été. Mais après ce qui a été posté hier, j...
2025-05-15 03:14:58,984 | reddit_video | INFO | Segment 2/2 (56 mots): Il ne dort pas. Il n'oublie pas. Espèce d'égoïste. Vous vouliez juste du temps. Et maintenant, le monde entier a un pied dans son monde. Mille morts s...
2025-05-15 03:14:58,984 | reddit_video | INFO | Traitement du segment 1/2
2025-05-15 03:14:58,984 | reddit_video | INFO | Création de la vidéo pour le segment 1
2025-05-15 03:15:15,729 | reddit_video | ERROR | Échec de la création de la vidéo pour le segment 1
2025-05-15 03:15:15,730 | reddit_video | INFO | Traitement du segment 2/2
2025-05-15 03:15:15,730 | reddit_video | INFO | Création de la vidéo pour le segment 2
2025-05-15 03:15:21,946 | reddit_video | ERROR | Échec de la création de la vidéo pour le segment 2
2025-05-15 03:15:21,946 | reddit_video | INFO | === RÉSUMÉ DE L'EXÉCUTION ===
2025-05-15 03:15:21,946 | reddit_video | INFO | Post: 1kkxpxq
2025-05-15 03:15:21,946 | reddit_video | INFO | Modèle GPT utilisé: gpt-3.5-turbo
2025-05-15 03:15:21,946 | reddit_video | INFO | Segments traités: 2
2025-05-15 03:15:21,946 | reddit_video | INFO | Vidéos créées avec succès: 0/2
2025-05-15 03:15:21,946 | reddit_video | WARNING | Segments en échec: 1, 2
2025-05-15 03:15:21,946 | reddit_video | INFO | Dossier de sortie: /Users/ntardy/Dev/r-elFusion/output
2025-05-15 03:15:21,946 | reddit_video | CRITICAL | Erreur fatale: Tous les segments ont échoué lors de la génération des vidéos.
2025-05-15 03:15:21,947 | reddit_video | CRITICAL | Le programme s'est terminé avec des erreurs
2025-05-15 03:15:50,274 | reddit_video | INFO | Analyse des arguments de la ligne de commande
2025-05-15 03:15:50,276 | reddit_video | INFO | Dossier de sortie: /Users/ntardy/Dev/r-elFusion/output
2025-05-15 03:15:50,276 | reddit_video | INFO | Initialisation du client OpenAI
2025-05-15 03:15:50,317 | reddit_video | INFO | Connexion à l'API Reddit
2025-05-15 03:15:50,319 | reddit_video | INFO | Recherche de posts dans r/creepypasta
2025-05-15 03:15:53,221 | reddit_video | INFO | Post trouvé: 1kkxpxq (1363 caractères)
2025-05-15 03:15:53,221 | reddit_video | INFO | Nettoyage du texte récupéré
2025-05-15 03:15:53,818 | reddit_video | INFO | Traduction du texte avec le modèle gpt-3.5-turbo
2025-05-15 03:15:57,217 | reddit_video | INFO | Traduction effectuée: 1543 caractères
2025-05-15 03:15:57,217 | reddit_video | INFO | Découpage du texte en segments de 200 mots
2025-05-15 03:15:57,260 | reddit_video | INFO | 2 segments créés
2025-05-15 03:15:57,260 | reddit_video | INFO | Segment 1/2 (199 mots): Je ne commente généralement pas sur des endroits comme celui-ci. Je suis un observateur. Je l'ai toujours été. Mais après ce qui a été publié hier, je...
2025-05-15 03:15:57,260 | reddit_video | INFO | Segment 2/2 (58 mots): Il ne dort pas. Il n'oublie pas. Espèce d'égoïste. Vous vouliez juste du temps. Et maintenant, le monde entier a un pied dans son monde. Mille morts s...
2025-05-15 03:15:57,260 | reddit_video | INFO | Traitement du segment 1/2
2025-05-15 03:15:57,260 | reddit_video | INFO | Création de la vidéo pour le segment 1
2025-05-15 03:21:16,005 | reddit_video | INFO | Vidéo 1 créée avec succès: output/video_1kkxpxq_To_whoever_made_that_fr_segment1.mp4
2025-05-15 03:21:16,005 | reddit_video | INFO | Traitement du segment 2/2
2025-05-15 03:21:16,006 | reddit_video | INFO | Création de la vidéo pour le segment 2
2025-05-15 03:22:50,907 | reddit_video | INFO | Vidéo 2 créée avec succès: output/video_1kkxpxq_To_whoever_made_that_fr_segment2.mp4
2025-05-15 03:22:50,908 | reddit_video | INFO | === RÉSUMÉ DE L'EXÉCUTION ===
2025-05-15 03:22:50,908 | reddit_video | INFO | Post: 1kkxpxq
2025-05-15 03:22:50,908 | reddit_video | INFO | Modèle GPT utilisé: gpt-3.5-turbo
2025-05-15 03:22:50,908 | reddit_video | INFO | Segments traités: 2
2025-05-15 03:22:50,908 | reddit_video | INFO | Vidéos créées avec succès: 2/2
2025-05-15 03:22:50,908 | reddit_video | INFO | Dossier de sortie: /Users/ntardy/Dev/r-elFusion/output
2025-05-15 03:22:50,909 | reddit_video | INFO | Programme terminé avec succès: 2/2 vidéos créées
2025-05-15 18:07:23,163 | reddit_video | INFO | Analyse des arguments de la ligne de commande
2025-05-15 18:07:23,164 | reddit_video | INFO | Dossier de sortie: /Users/ntardy/Dev/r-elFusion/output
2025-05-15 18:07:23,164 | reddit_video | INFO | Initialisation du client OpenAI
2025-05-15 18:07:23,196 | reddit_video | INFO | Connexion à l'API Reddit
2025-05-15 18:07:23,448 | reddit_video | INFO | Recherche de posts dans r/Glitch_in_the_Matrix
2025-05-15 18:07:26,402 | reddit_video | CRITICAL | Erreur de contenu Reddit: Aucun post trouvé dans r/Glitch_in_the_Matrix (Code: Aucun contenu valide trouvé après 5 tentatives)
2025-05-15 18:07:26,407 | reddit_video | CRITICAL | Le programme s'est terminé avec des erreurs
2025-05-15 18:07:34,143 | reddit_video | INFO | Analyse des arguments de la ligne de commande
2025-05-15 18:07:34,144 | reddit_video | INFO | Dossier de sortie: /Users/ntardy/Dev/r-elFusion/output
2025-05-15 18:07:34,144 | reddit_video | INFO | Initialisation du client OpenAI
2025-05-15 18:07:34,169 | reddit_video | INFO | Connexion à l'API Reddit
2025-05-15 18:07:34,170 | reddit_video | INFO | Recherche de posts dans r/Glitch_in_the_Matrix
2025-05-15 18:07:37,043 | reddit_video | CRITICAL | Erreur de contenu Reddit: Aucun post trouvé dans r/Glitch_in_the_Matrix (Code: Aucun contenu valide trouvé après 5 tentatives)
2025-05-15 18:07:37,048 | reddit_video | CRITICAL | Le programme s'est terminé avec des erreurs
2025-05-15 18:08:07,925 | reddit_video | INFO | Analyse des arguments de la ligne de commande
2025-05-15 18:08:07,926 | reddit_video | INFO | Dossier de sortie: /Users/ntardy/Dev/r-elFusion/output
2025-05-15 18:08:07,926 | reddit_video | INFO | Initialisation du client OpenAI
2025-05-15 18:08:07,957 | reddit_video | INFO | Connexion à l'API Reddit
2025-05-15 18:08:07,958 | reddit_video | INFO | Recherche de posts dans r/Glitch_in_the_Matrix
2025-05-15 18:08:13,171 | reddit_video | INFO | Post trouvé: 1kfjrml (1543 caractères)
2025-05-15 18:08:13,172 | reddit_video | INFO | Nettoyage du texte récupéré
2025-05-15 18:08:13,784 | reddit_video | INFO | Traduction du texte avec le modèle gpt-3.5-turbo
2025-05-15 18:08:19,006 | reddit_video | INFO | Traduction effectuée: 1547 caractères
2025-05-15 18:08:19,007 | reddit_video | INFO | Découpage du texte en segments de 200 mots
2025-05-15 18:08:19,049 | reddit_video | INFO | 2 segments créés
2025-05-15 18:08:19,050 | reddit_video | INFO | Segment 1/2 (193 mots): Cela s'est passé le week-end dernier. J'étais dans la cuisine avec mes enfants et mon mari était dehors en train de travailler sur son camion. J'ai en...
2025-05-15 18:08:19,050 | reddit_video | INFO | Segment 2/2 (96 mots): Je lui ai dit d'arrêter de plaisanter et que ça me faisait peur, mais il jure qu'il n'a ni frappé ni attendu à la porte. Il pense que j'ai halluciné m...
2025-05-15 18:08:19,565 | reddit_video | CRITICAL | Erreur non gérée: name 'VideoDownloadError' is not defined
Traceback (most recent call last):
  File "/Users/ntardy/Dev/r-elFusion/lib/python3.12/site-packages/yt_dlp/cookies.py", line 99, in load_cookies
    extract_cookies_from_browser(browser_name, profile, YDLLogger(ydl), keyring=keyring, container=container))
    ^^^^^^^^^^^^^^^^^^^^^^^^^^^^^^^^^^^^^^^^^^^^^^^^^^^^^^^^^^^^^^^^^^^^^^^^^^^^^^^^^^^^^^^^^^^^^^^^^^^^^^^^^
  File "/Users/ntardy/Dev/r-elFusion/lib/python3.12/site-packages/yt_dlp/cookies.py", line 122, in extract_cookies_from_browser
    return _extract_chrome_cookies(browser_name, profile, keyring, logger)
           ^^^^^^^^^^^^^^^^^^^^^^^^^^^^^^^^^^^^^^^^^^^^^^^^^^^^^^^^^^^^^^^
  File "/Users/ntardy/Dev/r-elFusion/lib/python3.12/site-packages/yt_dlp/cookies.py", line 304, in _extract_chrome_cookies
    raise FileNotFoundError(f'could not find {browser_name} cookies database in "{search_root}"')
FileNotFoundError: could not find chrome cookies database in "/Users/ntardy/Library/Application Support/Google/Chrome"

During handling of the above exception, another exception occurred:

Traceback (most recent call last):
  File "/Users/ntardy/Dev/r-elFusion/youtube_downloader.py", line 88, in search_videos_by_theme
    result = ydl.extract_info(search_url, download=False)
             ^^^^^^^^^^^^^^^^^^^^^^^^^^^^^^^^^^^^^^^^^^^^
  File "/Users/ntardy/Dev/r-elFusion/lib/python3.12/site-packages/yt_dlp/YoutubeDL.py", line 1642, in extract_info
    return self.__extract_info(url, self.get_info_extractor(key), download, extra_info, process)
           ^^^^^^^^^^^^^^^^^^^^^^^^^^^^^^^^^^^^^^^^^^^^^^^^^^^^^^^^^^^^^^^^^^^^^^^^^^^^^^^^^^^^^
  File "/Users/ntardy/Dev/r-elFusion/lib/python3.12/site-packages/yt_dlp/YoutubeDL.py", line 1653, in wrapper
    return func(self, *args, **kwargs)
           ^^^^^^^^^^^^^^^^^^^^^^^^^^^
  File "/Users/ntardy/Dev/r-elFusion/lib/python3.12/site-packages/yt_dlp/YoutubeDL.py", line 1788, in __extract_info
    ie_result = ie.extract(url)
                ^^^^^^^^^^^^^^^
  File "/Users/ntardy/Dev/r-elFusion/lib/python3.12/site-packages/yt_dlp/extractor/common.py", line 745, in extract
    self.initialize()
  File "/Users/ntardy/Dev/r-elFusion/lib/python3.12/site-packages/yt_dlp/extractor/common.py", line 654, in initialize
    self._real_initialize()
  File "/Users/ntardy/Dev/r-elFusion/lib/python3.12/site-packages/yt_dlp/extractor/youtube/_base.py", line 481, in _real_initialize
    self._initialize_pref()
  File "/Users/ntardy/Dev/r-elFusion/lib/python3.12/site-packages/yt_dlp/extractor/youtube/_base.py", line 464, in _initialize_pref
    pref_cookie = self._youtube_cookies.get('PREF')
                  ^^^^^^^^^^^^^^^^^^^^^
  File "/Users/ntardy/Dev/r-elFusion/lib/python3.12/site-packages/yt_dlp/extractor/youtube/_base.py", line 558, in _youtube_cookies
    return self._get_cookies('https://www.youtube.com')
           ^^^^^^^^^^^^^^^^^^^^^^^^^^^^^^^^^^^^^^^^^^^^
  File "/Users/ntardy/Dev/r-elFusion/lib/python3.12/site-packages/yt_dlp/extractor/common.py", line 3642, in _get_cookies
    return LenientSimpleCookie(self._downloader.cookiejar.get_cookie_header(url))
                               ^^^^^^^^^^^^^^^^^^^^^^^^^^
  File "/usr/local/Cellar/python@3.12/3.12.5/Frameworks/Python.framework/Versions/3.12/lib/python3.12/functools.py", line 993, in __get__
    val = self.func(instance)
          ^^^^^^^^^^^^^^^^^^^
  File "/Users/ntardy/Dev/r-elFusion/lib/python3.12/site-packages/yt_dlp/YoutubeDL.py", line 4132, in cookiejar
    return load_cookies(
           ^^^^^^^^^^^^^
  File "/Users/ntardy/Dev/r-elFusion/lib/python3.12/site-packages/yt_dlp/cookies.py", line 113, in load_cookies
    raise CookieLoadError('failed to load cookies')
yt_dlp.cookies.CookieLoadError: failed to load cookies

The above exception was the direct cause of the following exception:

Traceback (most recent call last):
  File "/Users/ntardy/Dev/r-elFusion/main_nico.py", line 167, in main
    video_path = download_video_by_theme(
                 ^^^^^^^^^^^^^^^^^^^^^^^^
  File "/Users/ntardy/Dev/r-elFusion/youtube_downloader.py", line 240, in download_video_by_theme
    video_urls = search_videos_by_theme(theme, max_results=10, excluded_themes=excluded_themes)
                 ^^^^^^^^^^^^^^^^^^^^^^^^^^^^^^^^^^^^^^^^^^^^^^^^^^^^^^^^^^^^^^^^^^^^^^^^^^^^^^
  File "/Users/ntardy/Dev/r-elFusion/youtube_downloader.py", line 110, in search_videos_by_theme
    raise VideoDownloadError(error_msg) from e
youtube_downloader.VideoDownloadError: Erreur lors de la recherche de vidéos: failed to load cookies

During handling of the above exception, another exception occurred:

Traceback (most recent call last):
  File "/Users/ntardy/Dev/r-elFusion/main_nico.py", line 177, in main
    except VideoDownloadError as e:
           ^^^^^^^^^^^^^^^^^^
NameError: name 'VideoDownloadError' is not defined
2025-05-15 18:08:19,577 | reddit_video | CRITICAL | Le programme s'est terminé avec des erreurs
2025-05-15 18:12:59,631 | reddit_video | INFO | Analyse des arguments de la ligne de commande
2025-05-15 18:12:59,633 | reddit_video | INFO | Dossier de sortie: /Users/ntardy/Dev/r-elFusion/output
2025-05-15 18:12:59,633 | reddit_video | INFO | Initialisation du client OpenAI
2025-05-15 18:12:59,664 | reddit_video | INFO | Connexion à l'API Reddit
2025-05-15 18:12:59,665 | reddit_video | INFO | Recherche de posts dans r/Glitch_in_the_Matrix
2025-05-15 18:13:03,168 | reddit_video | INFO | Post trouvé: 1kfjrml (1543 caractères)
2025-05-15 18:13:03,168 | reddit_video | INFO | Nettoyage du texte récupéré
2025-05-15 18:13:03,782 | reddit_video | INFO | Traduction du texte avec le modèle gpt-3.5-turbo
2025-05-15 18:13:08,552 | reddit_video | INFO | Traduction effectuée: 1704 caractères
2025-05-15 18:13:08,553 | reddit_video | INFO | Découpage du texte en segments de 200 mots
2025-05-15 18:13:08,597 | reddit_video | INFO | 2 segments créés
2025-05-15 18:13:08,597 | reddit_video | INFO | Segment 1/2 (190 mots): Cela s'est passé le week-end dernier. J'étais dans la cuisine avec mes enfants et mon mari était dehors en train de travailler sur son camion. J'ai en...
2025-05-15 18:13:08,597 | reddit_video | INFO | Segment 2/2 (130 mots): Je lui ai dit d'arrêter de plaisanter et que ça me faisait peur mais il jure qu'il n'a ni frappé ni été devant la porte en souriant comme ça. J'étais ...
2025-05-15 18:15:00,457 | reddit_video | INFO | Traitement du segment 1/2
2025-05-15 18:15:00,459 | reddit_video | INFO | Création de la vidéo pour le segment 1
2025-05-15 18:15:14,308 | reddit_video | ERROR | Échec de la création de la vidéo pour le segment 1
2025-05-15 18:15:14,308 | reddit_video | INFO | Traitement du segment 2/2
2025-05-15 18:15:14,308 | reddit_video | INFO | Création de la vidéo pour le segment 2
2025-05-15 18:15:24,239 | reddit_video | ERROR | Échec de la création de la vidéo pour le segment 2
2025-05-15 18:15:24,239 | reddit_video | INFO | === RÉSUMÉ DE L'EXÉCUTION ===
2025-05-15 18:15:24,239 | reddit_video | INFO | Post: 1kfjrml
2025-05-15 18:15:24,239 | reddit_video | INFO | Modèle GPT utilisé: gpt-3.5-turbo
2025-05-15 18:15:24,239 | reddit_video | INFO | Segments traités: 2
2025-05-15 18:15:24,239 | reddit_video | INFO | Vidéos créées avec succès: 0/2
2025-05-15 18:15:24,239 | reddit_video | WARNING | Segments en échec: 1, 2
2025-05-15 18:15:24,239 | reddit_video | INFO | Dossier de sortie: /Users/ntardy/Dev/r-elFusion/output
2025-05-15 18:15:24,240 | reddit_video | CRITICAL | Erreur fatale: Tous les segments ont échoué lors de la génération des vidéos.
2025-05-15 18:15:24,240 | reddit_video | CRITICAL | Le programme s'est terminé avec des erreurs
2025-05-15 18:17:18,549 | reddit_video | INFO | Analyse des arguments de la ligne de commande
2025-05-15 18:17:18,551 | reddit_video | INFO | Dossier de sortie: /Users/ntardy/Dev/r-elFusion/output
2025-05-15 18:17:18,551 | reddit_video | INFO | Initialisation du client OpenAI
2025-05-15 18:17:18,582 | reddit_video | INFO | Connexion à l'API Reddit
2025-05-15 18:17:18,583 | reddit_video | INFO | Recherche de posts dans r/Glitch_in_the_Matrix
2025-05-15 18:17:22,446 | reddit_video | INFO | Post trouvé: 1kfjrml (1543 caractères)
2025-05-15 18:17:22,446 | reddit_video | INFO | Nettoyage du texte récupéré
2025-05-15 18:17:23,060 | reddit_video | INFO | Traduction du texte avec le modèle gpt-3.5-turbo
2025-05-15 18:17:31,061 | reddit_video | INFO | Traduction effectuée: 1511 caractères
2025-05-15 18:17:31,061 | reddit_video | INFO | Découpage du texte en segments de 200 mots
2025-05-15 18:17:31,104 | reddit_video | INFO | 2 segments créés
2025-05-15 18:17:31,104 | reddit_video | INFO | Segment 1/2 (190 mots): Cela s'est passé le week-end dernier. J'étais dans la cuisine avec mes enfants et mon mari était dehors en train de travailler sur son camion. J'ai en...
2025-05-15 18:17:31,104 | reddit_video | INFO | Segment 2/2 (92 mots): Je lui ai dit d'arrêter de plaisanter et que ça me faisait peur mais il jure qu'il n'a ni frappé ni attendu à la porte. Il pense que j'ai halluciné ma...
2025-05-15 18:19:09,537 | reddit_video | INFO | Traitement du segment 1/2
2025-05-15 18:19:09,538 | reddit_video | INFO | Création de la vidéo pour le segment 1
2025-05-15 18:19:21,317 | reddit_video | ERROR | Échec de la création de la vidéo pour le segment 1
2025-05-15 18:19:21,317 | reddit_video | INFO | Traitement du segment 2/2
2025-05-15 18:19:21,317 | reddit_video | INFO | Création de la vidéo pour le segment 2
2025-05-15 18:19:29,875 | reddit_video | ERROR | Échec de la création de la vidéo pour le segment 2
2025-05-15 18:19:29,876 | reddit_video | INFO | === RÉSUMÉ DE L'EXÉCUTION ===
2025-05-15 18:19:29,876 | reddit_video | INFO | Post: 1kfjrml
2025-05-15 18:19:29,876 | reddit_video | INFO | Modèle GPT utilisé: gpt-3.5-turbo
2025-05-15 18:19:29,876 | reddit_video | INFO | Segments traités: 2
2025-05-15 18:19:29,876 | reddit_video | INFO | Vidéos créées avec succès: 0/2
2025-05-15 18:19:29,876 | reddit_video | WARNING | Segments en échec: 1, 2
2025-05-15 18:19:29,876 | reddit_video | INFO | Dossier de sortie: /Users/ntardy/Dev/r-elFusion/output
2025-05-15 18:19:29,876 | reddit_video | CRITICAL | Erreur fatale: Tous les segments ont échoué lors de la génération des vidéos.
2025-05-15 18:19:29,876 | reddit_video | CRITICAL | Le programme s'est terminé avec des erreurs
2025-05-15 18:36:41,966 | reddit_video | INFO | Analyse des arguments de la ligne de commande
2025-05-15 18:36:41,968 | reddit_video | INFO | Dossier de sortie: /Users/ntardy/Dev/r-elFusion/output
2025-05-15 18:36:41,968 | reddit_video | INFO | Initialisation du client OpenAI
2025-05-15 18:36:41,999 | reddit_video | INFO | Connexion à l'API Reddit
2025-05-15 18:36:42,001 | reddit_video | INFO | Recherche de posts dans r/Glitch_in_the_Matrix
2025-05-15 18:36:48,900 | reddit_video | INFO | Post trouvé: 1kcq07j (1838 caractères)
2025-05-15 18:36:48,900 | reddit_video | INFO | Nettoyage du texte récupéré
2025-05-15 18:36:49,608 | reddit_video | INFO | Traduction du texte avec le modèle gpt-3.5-turbo
2025-05-15 18:36:55,351 | reddit_video | INFO | Traduction effectuée: 2208 caractères
2025-05-15 18:36:55,351 | reddit_video | INFO | Découpage du texte en segments de 200 mots
2025-05-15 18:36:55,395 | reddit_video | INFO | 3 segments créés
2025-05-15 18:36:55,395 | reddit_video | INFO | Segment 1/3 (197 mots): Quelque chose de si étrange s'est produit ce soir que j'y pense encore des heures plus tard et j'ai dû chercher un endroit pour le noter, donc j'espèr...
2025-05-15 18:36:55,395 | reddit_video | INFO | Segment 2/3 (199 mots): De l'autre côté complet du ciel d'où nous venions de la voir. J'ai regardé de nouveau à l'endroit initial et pas de lune. J'ai commencé à me dire wow ...
2025-05-15 18:36:55,395 | reddit_video | INFO | Segment 3/3 (10 mots): Peut-être une différence de 2 à 3 minutes au maximum.
2025-05-15 18:38:43,083 | reddit_video | INFO | Traitement du segment 1/3
2025-05-15 18:38:43,083 | reddit_video | INFO | Création de la vidéo pour le segment 1
2025-05-15 18:38:56,028 | reddit_video | ERROR | Échec de la création de la vidéo pour le segment 1
2025-05-15 18:38:56,028 | reddit_video | INFO | Traitement du segment 2/3
2025-05-15 18:38:56,028 | reddit_video | INFO | Création de la vidéo pour le segment 2
2025-05-15 18:39:09,747 | reddit_video | ERROR | Échec de la création de la vidéo pour le segment 2
2025-05-15 18:39:09,747 | reddit_video | INFO | Traitement du segment 3/3
2025-05-15 18:39:09,747 | reddit_video | INFO | Création de la vidéo pour le segment 3
2025-05-15 18:39:10,500 | reddit_video | ERROR | Échec de la création de la vidéo pour le segment 3
2025-05-15 18:39:10,500 | reddit_video | INFO | === RÉSUMÉ DE L'EXÉCUTION ===
2025-05-15 18:39:10,500 | reddit_video | INFO | Post: 1kcq07j
2025-05-15 18:39:10,500 | reddit_video | INFO | Modèle GPT utilisé: gpt-3.5-turbo
2025-05-15 18:39:10,500 | reddit_video | INFO | Segments traités: 3
2025-05-15 18:39:10,500 | reddit_video | INFO | Vidéos créées avec succès: 0/3
2025-05-15 18:39:10,500 | reddit_video | WARNING | Segments en échec: 1, 2, 3
2025-05-15 18:39:10,500 | reddit_video | INFO | Dossier de sortie: /Users/ntardy/Dev/r-elFusion/output
2025-05-15 18:39:10,500 | reddit_video | CRITICAL | Erreur fatale: Tous les segments ont échoué lors de la génération des vidéos.
2025-05-15 18:39:10,501 | reddit_video | CRITICAL | Le programme s'est terminé avec des erreurs
2025-05-15 19:01:53,304 | reddit_video | INFO | Analyse des arguments de la ligne de commande
2025-05-15 19:01:53,305 | reddit_video | INFO | Dossier de sortie: /Users/ntardy/Dev/r-elFusion/output
2025-05-15 19:01:53,305 | reddit_video | INFO | Initialisation du client OpenAI
2025-05-15 19:01:53,331 | reddit_video | INFO | Connexion à l'API Reddit
2025-05-15 19:01:53,333 | reddit_video | INFO | Recherche de posts dans r/Glitch_in_the_Matrix
2025-05-15 19:01:56,802 | reddit_video | CRITICAL | Erreur de contenu Reddit: Aucun post trouvé dans r/Glitch_in_the_Matrix (Code: Aucun contenu valide trouvé après 5 tentatives)
2025-05-15 19:01:56,808 | reddit_video | CRITICAL | Le programme s'est terminé avec des erreurs
2025-05-15 19:02:46,349 | reddit_video | INFO | Analyse des arguments de la ligne de commande
2025-05-15 19:02:46,351 | reddit_video | INFO | Dossier de sortie: /Users/ntardy/Dev/r-elFusion/output
2025-05-15 19:02:46,351 | reddit_video | INFO | Initialisation du client OpenAI
2025-05-15 19:02:46,376 | reddit_video | INFO | Connexion à l'API Reddit
2025-05-15 19:02:46,377 | reddit_video | INFO | Recherche de posts dans r/Glitch_in_the_Matrix
2025-05-15 19:02:51,327 | reddit_video | INFO | Post trouvé: 1kfjrml (1543 caractères)
2025-05-15 19:02:51,327 | reddit_video | INFO | Nettoyage du texte récupéré
2025-05-15 19:02:51,941 | reddit_video | INFO | Traduction du texte avec le modèle gpt-3.5-turbo
2025-05-15 19:02:56,549 | reddit_video | INFO | Traduction effectuée: 1726 caractères
2025-05-15 19:02:56,549 | reddit_video | INFO | Découpage du texte en segments de 200 mots
2025-05-15 19:02:56,593 | reddit_video | INFO | 2 segments créés
2025-05-15 19:02:56,593 | reddit_video | INFO | Segment 1/2 (191 mots): Cela s'est passé le week-end dernier. J'étais dans la cuisine avec mes enfants et mon mari était dehors en train de travailler sur sa voiture. J'ai en...
2025-05-15 19:02:56,593 | reddit_video | INFO | Segment 2/2 (130 mots): Je lui ai dit d'arrêter de plaisanter et que ça me faisait peur, mais il jure qu'il n'a ni frappé ni été devant la porte en souriant comme ça. J'étais...
2025-05-15 19:05:42,593 | reddit_video | INFO | Traitement du segment 1/2
2025-05-15 19:05:42,594 | reddit_video | INFO | Création de la vidéo pour le segment 1
2025-05-15 19:06:45,461 | reddit_video | INFO | Vidéo 1 créée avec succès: output/video_1kfjrml_Opened_the_door_to_m_segment1_fr.mp4
2025-05-15 19:06:45,462 | reddit_video | INFO | Traitement du segment 2/2
2025-05-15 19:06:45,462 | reddit_video | INFO | Création de la vidéo pour le segment 2
2025-05-15 19:07:28,207 | reddit_video | INFO | Vidéo 2 créée avec succès: output/video_1kfjrml_Opened_the_door_to_m_segment2_fr.mp4
2025-05-15 19:07:28,207 | reddit_video | INFO | === RÉSUMÉ DE L'EXÉCUTION ===
2025-05-15 19:07:28,207 | reddit_video | INFO | Post: 1kfjrml
2025-05-15 19:07:28,207 | reddit_video | INFO | Modèle GPT utilisé: gpt-3.5-turbo
2025-05-15 19:07:28,207 | reddit_video | INFO | Segments traités: 2
2025-05-15 19:07:28,207 | reddit_video | INFO | Vidéos créées avec succès: 2/2
2025-05-15 19:07:28,208 | reddit_video | INFO | Dossier de sortie: /Users/ntardy/Dev/r-elFusion/output
2025-05-15 19:07:28,208 | reddit_video | INFO | Programme terminé avec succès: 2/2 vidéos créées
